📋 当前监控产品数: 480
🔍 开始扫描 JB Hi-Fi 新品...
  [Security Camera] "eufy security camera": 发现 0 个新品
  [Security Camera] "arlo security camera": 发现 0 个新品
  [Security Camera] "ring security camera": 发现 0 个新品
  [Security Camera] "swann security camera": 发现 0 个新品
  [Security Camera] "tp-link tapo camera": 发现 0 个新品
  ✅ 新品: [Other] There was a problem loading this website
  [Security Camera] "google nest cam": 发现 1 个新品
  [Video Doorbell] "video doorbell": 发现 0 个新品
  ✅ 新品: [Other] SwitchBot Lock Ultra – Smart Retrofit Door Lock EU Vers
  ✅ 新品: [Other] SwitchBot Lock Ultra – Smart Retrofit Door Lock US Vers
  [Smart Lock] "smart lock": 发现 2 个新品
  [Baby] "baby monitor": 发现 0 个新品
  [Baby] "eufy baby": 发现 0 个新品
  [Baby] "momcozy baby": 发现 0 个新品
  [Baby] "nanit baby monitor": 发现 0 个新品
  [Baby] "owlet baby": 发现 0 个新品

🆕 发现 3 个新品，正在添加...
✅ 已更新 product_list_fixed.json：483 个产品（+3）
📄 新品详情已保存到 new_products_found.json
