======================================================================
🤖 每日价格自动刷新（HTTP requests 版）
⏰ 运行时间: 2026-09-30 21:36:24
======================================================================
📋 加载固定产品列表: 475 个产品

📊 产品列表统计:
  总计: 475 款

📂 品类分布:
  Baby: 71 款
  Security Camera: 283 款
  Smart Lock: 77 款
  Video Doorbell: 44 款

🏷️  主要品牌:
  Other: 132 款
  eufy: 95 款
  Ring: 57 款
  Swann: 51 款
  TP-Link: 49 款
  Arlo: 25 款
  Momcozy: 16 款
  VTech: 14 款

💰 抓取价格 (475 款)...
  进度: 1/475 | 成功:0 失败:0 成功率:0%
  进度: 10/475 | 成功:5 失败:4 成功率:56%
  进度: 20/475 | 成功:11 失败:8 成功率:58%
  进度: 30/475 | 成功:17 失败:12 成功率:59%
  进度: 40/475 | 成功:25 失败:14 成功率:64%
  进度: 50/475 | 成功:32 失败:17 成功率:65%
  进度: 60/475 | 成功:40 失败:19 成功率:68%
  进度: 70/475 | 成功:49 失败:20 成功率:71%
  进度: 80/475 | 成功:57 失败:22 成功率:72%
  进度: 90/475 | 成功:62 失败:27 成功率:70%
  进度: 100/475 | 成功:68 失败:31 成功率:69%
  进度: 110/475 | 成功:75 失败:34 成功率:69%
  进度: 120/475 | 成功:79 失败:40 成功率:66%
  进度: 130/475 | 成功:86 失败:43 成功率:67%
  进度: 140/475 | 成功:96 失败:43 成功率:69%
  进度: 150/475 | 成功:101 失败:48 成功率:68%
  进度: 160/475 | 成功:105 失败:54 成功率:66%
  进度: 170/475 | 成功:110 失败:59 成功率:65%
  进度: 180/475 | 成功:117 失败:62 成功率:65%
  进度: 190/475 | 成功:126 失败:63 成功率:67%
  进度: 200/475 | 成功:131 失败:68 成功率:66%
  进度: 210/475 | 成功:138 失败:71 成功率:66%
  进度: 220/475 | 成功:145 失败:74 成功率:66%
  进度: 230/475 | 成功:148 失败:81 成功率:65%
  进度: 240/475 | 成功:156 失败:83 成功率:65%
  进度: 250/475 | 成功:157 失败:92 成功率:63%
  进度: 260/475 | 成功:163 失败:96 成功率:63%
  进度: 270/475 | 成功:165 失败:104 成功率:61%
  进度: 280/475 | 成功:165 失败:114 成功率:59%
  进度: 290/475 | 成功:168 失败:121 成功率:58%
  进度: 300/475 | 成功:175 失败:124 成功率:59%
  进度: 310/475 | 成功:182 失败:127 成功率:59%
  进度: 320/475 | 成功:188 失败:131 成功率:59%
  进度: 330/475 | 成功:193 失败:136 成功率:59%
  进度: 340/475 | 成功:203 失败:136 成功率:60%
  进度: 350/475 | 成功:212 失败:137 成功率:61%
  进度: 360/475 | 成功:222 失败:137 成功率:62%
  进度: 370/475 | 成功:231 失败:138 成功率:63%
  进度: 380/475 | 成功:239 失败:140 成功率:63%
  进度: 390/475 | 成功:246 失败:143 成功率:63%
  进度: 400/475 | 成功:254 失败:145 成功率:64%
  进度: 410/475 | 成功:261 失败:148 成功率:64%
  进度: 420/475 | 成功:269 失败:150 成功率:64%
  进度: 430/475 | 成功:278 失败:151 成功率:65%
  进度: 440/475 | 成功:286 失败:153 成功率:65%
  进度: 450/475 | 成功:296 失败:153 成功率:66%
  进度: 460/475 | 成功:305 失败:154 成功率:66%
  进度: 470/475 | 成功:313 失败:156 成功率:67%

📊 更新历史数据和检测促销...
✅ 加载历史数据: 470 个产品
✅ 加载促销记录: 160 活跃, 1084 历史
  ⚠️  异常价格跳过: eufy V2 Advanced Security Camera Kit $899 (近期中位价 $609)
  ⚠️  异常价格跳过: eufy Security Solocam S220 (1 Pack) $249 (近期中位价 $179)
  ⚠️  异常价格跳过: eufy E41 NVR POE 24/7 Security System [4 $1299 (近期中位价 $999)
  ⚠️  异常价格跳过: Arlo Essentials 2K (3rd Gen) Outdoor Sol $399 (近期中位价 $699)
  ⚠️  异常价格跳过: Arlo Go 2 4G/Wi-Fi Mobile Security Camer $249 (近期中位价 $429)
  ⚠️  异常价格跳过: Ring Pan-Tilt Indoor Security Camera (Bl $49 (近期中位价 $99)
  ⚠️  异常价格跳过: Google Nest Gen3 Wired Indoor Camera $189 (近期中位价 $144)
  ⚠️  异常价格跳过: TP-Link Tapo 2K 3MP Smart Wire-Free Secu $249 (近期中位价 $429)
  ⚠️  异常价格跳过: Swann MaxTrak 4K AI Auto Tracking Long R $399 (近期中位价 $299)
  ⚠️  异常价格跳过: Aqara U100 with M100 Smart Lock Hub Kit $299 (近期中位价 $449)
  🔥 新促销: Aqara U100 with M100 Smart Lock Hub Kit (33.4% OFF)
  ⚠️  异常价格跳过: Laser Smart Deadbolt Lock with Apple Hom $329 (近期中位价 $139)
  ⚠️  异常价格跳过: Laser Smart Home Keyless Smart Deadbolt  $249 (近期中位价 $139)
  🔥 新促销: Aqara Smart Door Lock D100 (29.4% OFF)
  ⚠️  异常价格跳过: eufy Security Wi-Fi Smart Lock Touch $499 (近期中位价 $329)
  ⚠️  异常价格跳过: Arlo Pro 3 Wireless 2K Floodlight Camera $269 (近期中位价 $149)
  ⚠️  异常价格跳过: Arlo Essential Security Camera Kit with  $699 (近期中位价 $299)
  ⚠️  异常价格跳过: Arlo Essentials 2K Video Doorbell (2nd G $129 (近期中位价 $79)
  ⚠️  异常价格跳过: Ring Wired Video Doorbell Pro POE $299 (近期中位价 $499)
  ⚠️  异常价格跳过: Swann Buddy 4K Video Doorbell with Chime $299 (近期中位价 $227)
  ⚠️  异常价格跳过: Ring Wired Video Doorbell Plus DIN Rail $119 (近期中位价 $249)
  🔥 新促销: Aqara Smart Door Lock A100 (25.1% OFF)
  ⚠️  异常价格跳过: Ring Outdoor Security Camera Plus 2K Plu $89 (近期中位价 $179)
  ⚠️  异常价格跳过: TP-Link Tapo 2K 3MP Smart Wire-Free Secu $119 (近期中位价 $89)
  ⚠️  异常价格跳过: Swann 6K Pro Series NVR Securtiy Camera  $999 (近期中位价 $599)
  ⚠️  异常价格跳过: Ring Wired Video Doorbell Pro Plug-In $249 (近期中位价 $399)
  ⚠️  异常价格跳过: Ring Floodlight Cam Wired Plus (White) $89 (近期中位价 $149)
  ✅ 促销结束: Swann MaxTrak 4K AI Auto Tracking Long Range Security Camera System (4 Pack) (持续 1 天)
  ⚠️  异常价格跳过: TP-Link Tapo 2K Solar-Powered Pan/Tilt S $139 (近期中位价 $199)
  ⚠️  异常价格跳过: Philips Avent Manual Breast Pump $55 (近期中位价 $79)
  ⚠️  异常价格跳过: Philips Avent Hands-Free Double Electric $398 (近期中位价 $599)
  ⚠️  异常价格跳过: Ring Floodlight Cam Wired Plus (Black) $89 (近期中位价 $149)
  ⚠️  异常价格跳过: TP-Link Tapo C460 4K Solar-Powered Secur $279 (近期中位价 $199)
  ⚠️  异常价格跳过: Philips Avent Single Electric Breast Pum $195 (近期中位价 $279)
  ⚠️  异常价格跳过: Swann EVO 2K Solar Outdoor Security Came $349 (近期中位价 $249)
  ⚠️  异常价格跳过: Swann Evo Wireless Video Doorbell (Black $79 (近期中位价 $49)
  ⚠️  异常价格跳过: Philips Avent Connected Baby Monitor $132 (近期中位价 $189)
  ⚠️  异常价格跳过: Arlo Pro 6 2K Outdoor Security Camera $199 (近期中位价 $149)
  ⚠️  异常价格跳过: Ring Outdoor Security Camera Plus 2K Bat $89 (近期中位价 $179)
  ⚠️  异常价格跳过: Ring Outdoor Security Camera Plus 2K Bat $139 (近期中位价 $329)
  ⚠️  异常价格跳过: Ring Outdoor Security Camera Plus 2K Bat $199 (近期中位价 $479)
  ⚠️  异常价格跳过: Ring Outdoor Security Camera [Stick Up C $75 (近期中位价 $149)
  ⚠️  异常价格跳过: Swann MaxRanger4K Mini Long-Range Wirele $999 (近期中位价 $749)
  ⚠️  异常价格跳过: Swann MaxTrak 4K AI Auto Tracking Long R $649 (近期中位价 $1499)
  🔥 新促销: Swann MaxTrak 4K AI Auto Tracking Long Range Security Camera System (2 Pack) (18.8% OFF)
  ⚠️  异常价格跳过: Uniden App Cam X25 PT Indoor 2k Super HD $72 (近期中位价 $52)
  ⚠️  异常价格跳过: Ring Wired Video Doorbell Plus Plug-In $119 (近期中位价 $249)
  ⚠️  异常价格跳过: Ring Wired Video Doorbell Pro DIN Rail $249 (近期中位价 $399)
  ⚠️  异常价格跳过: VTech BM7800N 7" Pan & Tilt Video Monito $199 (近期中位价 $299)
  ⚠️  异常价格跳过: eufy Security eufyCam 3 4K Wireless Home $1099 (近期中位价 $799)
  ⚠️  异常价格跳过: eufyCam C37 2K Pan-Tilt-Zoom Security Sy $699 (近期中位价 $499)
  ⚠️  异常价格跳过: eufyCam C37 2K Pan-Tilt-Zoom Security Sy $999 (近期中位价 $699)
  ✅ 促销结束: eufyCam C37 2K Pan-Tilt-Zoom Security System (4 Pack) (持续 42 天)
  ⚠️  异常价格跳过: eufy Security eufyCam 2C Pro 2K Wireless $449 (近期中位价 $249.0)
  ⚠️  异常价格跳过: eufy Security eufyCam 3 4K Wireless Home $1799 (近期中位价 $1279)
  ⚠️  异常价格跳过: Arlo Smarthub $99 (近期中位价 $74)
  ⚠️  异常价格跳过: Swann MaxRanger4K with Long Range Wirele $949 (近期中位价 $499)
  ⚠️  异常价格跳过: Reolink 4K PT Wireless Security System S $439.99 (近期中位价 $629.99)
  ⚠️  异常价格跳过: Aqara Security Camera Hub G5 Pro (Wi-Fi) $199 (近期中位价 $349)
  🔥 新促销: Aqara Security Camera Hub G5 Pro (Wi-Fi) (43.0% OFF)
  ⚠️  异常价格跳过: Ring Wired Video Doorbell 2K Plug-in (Sp $49 (近期中位价 $99)
  ⚠️  异常价格跳过: eufy Security eufyCam 2C Pro 2K Wireless $629 (近期中位价 $249.0)
  ⚠️  异常价格跳过: Reolink Home Hub Kit +2 Pack Altas PT Ul $594.99 (近期中位价 $869.99)
  ⚠️  异常价格跳过: Parkmate RVK43 4.3" Reverse Monitor and  $98 (近期中位价 $69)
  ⚠️  异常价格跳过: Laser FHD Outdoor Pan Tilt Camera Solar  $129.95 (近期中位价 $79.95)
  ⚠️  异常价格跳过: Your connection needs to be verified bef $279 (近期中位价 $899.0)
  🔥 新促销: Your connection needs to be verified before you can proceed (30.1% OFF)
  ⚠️  异常价格跳过: Your connection needs to be verified bef $39 (近期中位价 $899.0)
  ⚠️  异常价格跳过: Your connection needs to be verified bef $69 (近期中位价 $899.0)
  ⚠️  异常价格跳过: Your connection needs to be verified bef $199 (近期中位价 $899.0)
  ⚠️  异常价格跳过: Swann MaxRanger4K Entrance Video Doorbel $499 (近期中位价 $249)
  ⚠️  异常价格跳过: Your connection needs to be verified bef $329 (近期中位价 $899.0)
  ✅ 促销结束: Your connection needs to be verified before you can proceed (持续 1 天)
  ⚠️  异常价格跳过: Your connection needs to be verified bef $233.99 (近期中位价 $899.0)
  ⚠️  异常价格跳过: Ring Outdoor Camera 4K Pro - Plug-In Sec $199 (近期中位价 $329)
  ⚠️  异常价格跳过: Ring Spotlight Cam 2K (2nd Gen) Plug-In  $169 (近期中位价 $279)
✅ 历史数据已保存: 470 个产品
✅ 促销记录已保存
  历史记录: 470 个产品
  促销中: 124 款

======================================================================
✅ 完成！
  成功: 319/475 (67%)
  失败: 156 款
  数据已保存到: price_results_latest.json
======================================================================

📅 生成促销日历...
✅ 日历数据已保存到: promotion_calendar.json
  生成了 470 个产品的日历
